Architecture.md
  h1 #architecture: Architecture

Overview.md
  h1 #overview: Overview
  list items=3
    item
      paragraph: [link ExactVaultPath -> Architecture.md]
    item
      paragraph: [link ExactVaultPath -> Architecture.md]
    item
      paragraph: [link ExactVaultPath -> src/resolver.py]

