journals/2026_08_20.md
  list items=1
    item
      paragraph: Journal entry linking [link CaseSensitiveStem -> pages/home.md] .

pages/home.md
  list items=5
    item
      paragraph: Home page
    item
      paragraph: [link EncodingVariant -> pages/projects___detangle.md]
    item
      paragraph: [link EncodingVariant -> pages/projects___detangle.md]
    item
      paragraph: ((6512a0f1-1111-2222-3333-444455556666))
    item
      paragraph: #reading

pages/projects___detangle.md
  properties doublecolon references=0
  list items=1
    item
      paragraph: A project page.

