202604201530-on-attention.md
  h1 #on-attention: On attention
  paragraph: See [link Identifier -> 202604201531-on-context.md] and [link ExactVaultPath -> 202604201532-on-memory.md] .

202604201531-on-context.md
  h1 #on-context: On context

202604201532-on-memory.md
  h1 #on-memory: On memory

202604201533-on-recall.md
  h1 #on-recall: On recall

